// Bun Snapshot v1, https://goo.gl/fbAQLP

exports[`math addition 1`] = `20`;
